// Jest Snapshot v1, https://goo.gl/fbAQLP

exports[`should render ErrorPage 1`] = `
<div>
  <p>
    404 PAGE!! 
    <Link
      replace={false}
      to="/"
    >
      Go Home
    </Link>
  </p>
</div>
`;
